// Vitest Snapshot v1, https://vitest.dev/guide/snapshot.html

exports[`ProtoToTypeScriptGenerator > should generate types from a given directory of protos 1`] = `
[
  {
    "content": "export interface AuthV1Team {
    id?: string;
    name?: string;
    // format: date-time
    createdAt?: string;
}

",
    "path": "generated_from_proto/company_name/services/auth/v1/team.ts",
  },
  {
    "content": "import type { AuthV1Team } from './team';

export interface AuthV1ListUsersRequest {
    teamId?: string;
    page?: string;
}

export interface AuthV1ListUsersResponse {
    users?: AuthV1User[];
    nextPageCursor?: string;
}

export interface AuthV1User {
    id?: string;
    email?: string;
    // format: date-time
    createdAt?: string;
    // format: date-time
    updatedAt?: string;
    metadata?: Record<string, string>;
    isAdmin?: boolean;
    teams?: AuthV1Team[];
    role?: AuthV1Role;
    status?: 'STATUS_UNSPECIFIED' | 'STATUS_CLOSED' | 'STATUS_ACTIVE';
    profile?: {
        language?: string;
        timezone?: string;
        theme?: 'THEME_UNSPECIFIED' | 'THEME_DARK' | 'THEME_LIGHT';
    };
    // start oneof \\"permission\\"
    fullAccess?: boolean;
    scope?: string; // end oneof \\"permission\\"
}

export enum AuthV1Role {
    Unspecified = 'ROLE_UNSPECIFIED',
    Customer = 'ROLE_CUSTOMER',
    Admin = 'ROLE_ADMIN'
}

",
    "path": "generated_from_proto/company_name/services/auth/v1/user.ts",
  },
  {
    "content": "export * from './company_name/services/auth/v1/team';
export * from './company_name/services/auth/v1/user';
",
    "path": "generated_from_proto/index.ts",
  },
]
`;
